components/BattleArena.tsx(79,74): error TS2362: The left-hand side of an arithmetic operation must be of type 'any', 'number', 'bigint' or an enum type.
components/BattleArena.tsx(85,74): error TS2362: The left-hand side of an arithmetic operation must be of type 'any', 'number', 'bigint' or an enum type.
components/WorldMap.tsx(3,10): error TS2305: Module '"../types"' has no exported member 'Position'.
data/quests.ts(2,26): error TS2552: Cannot find name 'Quest'. Did you mean 'Request'?
domain/__tests__/evolution.test.ts(32,5): error TS2353: Object literal may only specify known properties, and 'completedQuests' does not exist in type 'GameState'.
domain/__tests__/progression.test.ts(8,9): error TS2739: Type '{ hp: number; maxHp: number; attack: number; defense: number; speed: number; }' is missing the following properties from type 'Stats': specialAttack, skillResistance
domain/__tests__/progression.test.ts(31,5): error TS2353: Object literal may only specify known properties, and 'completedQuests' does not exist in type 'GameState'.
engine/GameStateManager.ts(34,3): error TS2353: Object literal may only specify known properties, and 'completedQuests' does not exist in type 'GameState'.
engine/GameStateManager.ts(57,21): error TS2339: Property 'reputation' does not exist on type 'GameState'.
engine/GameStateManager.ts(58,18): error TS2339: Property 'reputation' does not exist on type 'GameState'.
engine/GameStateManager.ts(58,50): error TS2339: Property 'reputation' does not exist on type 'GameState'.
engine/GameStateManager.ts(143,16): error TS2339: Property 'reputation' does not exist on type 'GameState'.
engine/GameStateManager.ts(143,50): error TS2339: Property 'reputation' does not exist on type 'GameState'.
engine/GameStateManager.ts(148,25): error TS2339: Property 'reputation' does not exist on type 'GameState'.
engine/GameStateManager.ts(156,30): error TS2339: Property 'reputation' does not exist on type 'GameState'.
engine/GameStateManager.ts(157,62): error TS2345: Argument of type 'unknown' is not assignable to parameter of type 'number'.
engine/GameStateManager.ts(167,30): error TS2339: Property 'reputation' does not exist on type 'GameState'.
engine/GameStateManager.ts(250,13): error TS2451: Cannot redeclare block-scoped variable 'enemyData'.
engine/GameStateManager.ts(264,13): error TS2451: Cannot redeclare block-scoped variable 'enemyData'.
engine/GameStateManager.ts(325,22): error TS2339: Property 'completedQuests' does not exist on type 'GameState'.
engine/GameStateManager.ts(342,70): error TS2339: Property 'reputation' does not exist on type 'GameState'.
engine/GameStateManager.ts(342,92): error TS2365: Operator '>=' cannot be applied to types 'unknown' and 'number'.
engine/GameStateManager.ts(343,68): error TS2339: Property 'reputation' does not exist on type 'GameState'.
engine/GameStateManager.ts(343,90): error TS2365: Operator '>=' cannot be applied to types 'unknown' and 'number'.
engine/GameStateManager.ts(362,20): error TS2339: Property 'completedQuests' does not exist on type 'GameState'.
engine/GameStateManager.ts(386,21): error TS2339: Property 'completedQuests' does not exist on type 'GameState'.
engine/GameStateManager.ts(387,18): error TS2339: Property 'completedQuests' does not exist on type 'GameState'.
engine/GameStateManager.ts(418,19): error TS2339: Property 'completedQuests' does not exist on type 'GameState'.
engine/GameStateManager.ts(446,23): error TS2339: Property 'completedQuests' does not exist on type 'GameState'.
engine/GameStateManager.ts(465,23): error TS2339: Property 'completedQuests' does not exist on type 'GameState'.
engine/scenes/OverworldScene.ts(184,23): error TS2339: Property 'setTint' does not exist on type 'Camera'.
engine/scenes/OverworldScene.ts(272,46): error TS2304: Cannot find name 'icon'.
engine/scenes/OverworldScene.ts(387,22): error TS2304: Cannot find name 'icon'.
ui/QuestLogUI.tsx(64,90): error TS2339: Property 'pending' does not exist on type '{ loading: string; main_menu: string; start_game: string; tamer_lvl: string; gold: string; party: string; skills: string; shop: string; quests: string; collection: string; debug: string; spirit_points: string; ... 56 more ...; claim_reward: string; }'.
