
[1m[46m RUN [49m[22m [36mv4.0.16 [39m[90mC:/wildMonster[39m

 [32m??[39m domain/__tests__/progression.test.ts[2m > [22mProgression Logic[2m > [22mcalculates stats correctly based on level[32m 1[2mms[22m[39m
 [32m??[39m domain/__tests__/progression.test.ts[2m > [22mProgression Logic[2m > [22mlevels up monster and resets HP[32m 0[2mms[22m[39m
 [32m??[39m domain/__tests__/progression.test.ts[2m > [22mProgression Logic[2m > [22munlocks party slots based on tamer level[32m 0[2mms[22m[39m
 [32m??[39m domain/__tests__/progression.test.ts[2m > [22mProgression Logic[2m > [22mprocesses tamer experience and level up[32m 0[2mms[22m[39m
 [31m횞[39m domain/__tests__/progression.test.ts[2m > [22mProgression Logic[2m > [22mvalidates monster spawn conditions[32m 2[2mms[22m[39m
[31m   ??validateSpawn is not defined[39m
node.exe : 
위치 C:\nvm4w\nodejs\npx.
ps1:29 문자:3
+   & $NODE_EXE $NPX_CL
I_JS $args
+   ~~~~~~~~~~~~~~~~~~~
~~~~~~~~~~
    + CategoryInfo     
         : NotSpecifi  
  ed: (:String) [],    
 RemoteException
    + FullyQualifiedEr 
   rorId : NativeComm  
  andError
 
[31m??렞??렞??렞??[39m[1
m[41m Failed Tests 1 
[49m[22m[31m??렞??렞??렞
??[39m

[41m[1m FAIL [22m[4
9m domain/__tests__/pro
gression.test.ts[2m > 
[22mProgression Logic
[2m > [22mvalidates mo
nster spawn conditions
[31m[1mReferenceError
[22m: validateSpawn is
 not defined[39m
[36m [2m??[22m domain
/__tests__/progression.
test.ts:[2m99:5[22m[
39m
    [90m 97| [39m    
[35mconst[39m nightSt
ate [33m=[39m { [33m
...[39mdummyState[33m
,[39m gameTime[33m:[
39m [34m2200[39m }[3
3m;[39m [90m// 22:00
[39m
    [90m 98| [39m
    [90m 99| [39m    
[34mexpect[39m([34mv
alidateSpawn[39m(night
Monster[33m,[39m dayS
tate))[33m.[39m[34mt
oBe[39m([35mfalse[39
m)[33m;[39m
    [90m   | [39m    
[31m^[39m
    [90m100| [39m    
[34mexpect[39m([34mv
alidateSpawn[39m(night
Monster[33m,[39m nigh
tState))[33m.[39m[34
mtoBe[39m([35mtrue[3
9m)[33m;[39m
    [90m101| [39m

[31m[2m??렞??렞??렞??렞??
렞??렞??렞??렞??렞??렞??렞??렞[
1/1]??[22m[39m


[2m Test Files [22m [1m[31m1 failed[39m[22m[90m (1)[39m
[2m      Tests [22m [1m[31m1 failed[39m[22m[2m | [22m[1m[32m4 passed[39m[22m[90m (5)[39m
[2m   Start at [22m 03:27:34
[2m   Duration [22m 523ms[2m (transform 84ms, setup 0ms, import 201ms, tests 5ms, environment 0ms)[22m

